// Jest Snapshot v1, https://goo.gl/fbAQLP

exports[`bytes we can encode a byte array to UCS-2 string and read it back: gifDataUri of [0x00 .. 0xff] 1`] = `"data:image/gif;base64,R0lGODdhVQBVAIAAAAAAAP///ywAAAAAVQBVAAAC/4QPEcm5epSE0MhoV3y6ZadRHgKK5QZmk4V6V/hgjsvAZYh1KUdNPgmszX4sUiX2knWQiMoIqUvuesfUTVaLFZdZ1svnzPF0jfBnOlTRrkvcJ7qbNd9DJ/W3upNzQqa/D/gnGEioZQS2IseRBQNVFFQnaPeGmEf25XZ1uOjFBekiknmpgkmkmEf6ZHiziPjImVaGJRtLZ3IkNdnZ1orKFwlb9hXUo0S3iwe2NVYqSmPDhZOo5stIbbrZ+BvVm8y6JctM/EjstnqSxMPWOme2VzVda4ZcvKzsVTuSZoi54aiFy585gAHtXGgSxk+ogy2MhSKXECK0iLlsXFMmDlychf+pBHpr51HarVLPchWqQw4ZPm7CrFCEU+hfrHgZGd3qqCvcGXXMpKGzNg3KKm38FOHEF8mYvo0mjgHsk0kjimIMMRo5BErdCYRqlHjqBs0oroN3XK7pwrMrLSxp1Wr11XanU3Bv8bCiSjaYOVI8JxUk+DNvVX9sxEA95SqfSJbCEhGNi/RqWIT/Ao6z6ZjhUZe6Bl+8C0erHJWLUw6qchfpxH0gl47mJJMyZrTJGtUbbe0U4UuW52HldWZObp2SKfHe8zoO7XTNdK+0nbUs7ldBVbU4p3kUOm3AAm+b1TLndX5Udn0apefpdKB8VZm0GPoaeyDSbaGqSJIWfM2yWXP/dUeXYz+twYtI1PmUDlstLSgKNwqFUxsfRWE3BmFWzEQRhMOUsxSCy6ykH1BENfThLHiRxFw9qAkFCkQ2RQYiSLdhZJV5u7Gj1oXstOWXgy26RwRg2jkiVV1pQYZYjHjZJ86IwRGZ2VGw+CRXT3rB9oRpkqnIVYmN/dbTgoVBdVxVQmUnH2dUmaVlUjTRN9aNg4XWD1br1DdQNPaQqeeKlYy3CYlNoSZGQamUR1ZKQhiVIzwC2taPJYvdRl02XQrHhJrHHapnNoNSKdx2CFLp6H7RmKnekMBtuChKhoJ6D6MgHpnoaaui5N1b33Ak35yMpjiPK+4Ea0l4plGq2jsE/0U51WuwJsihgO3pFik8WyVJaq3mPSYFU1kqOVWFVbYo3mGewadcsYuCitaLMzkXJzXN1qSJmL9u+Cga1vIWqqbSVmqPtetu+6AtlJCJKUxmOstpq4BJ2S1MrtEV6pse6jPUwe9mWlp+TTFsn1RuGqRQrSwtC9x/jU0pG5aEIpcvYlFxRuBD3KG7pGitedTwd87WSR6EyWUUMYY1n7iZWDC/ImvEUWWs9MqxYfyfuGzeZ1C99XpiYVbB4fZXeWgYvBO+Cz3UcoXqMsyffmMhOsw5y4nl1TcOi8o1i71cxbdgfmMNJ6ofEwLangbGuSbA4dnMX03x+feOdTOPM2E8hWXSqJTQgrlLZ8oztrwewl10AqNoiZbuzFNEjlnS6LuJjNwUVnfX9qn6qujbvpNDIq7Y8xpmIY6uR3eojltBifwzcgZZOusR9su1iTwLPNLyCfVIKudMWmQn3Tuit+6g7b29JpoFAAA7"`;

exports[`bytes we can encode a byte array to UCS-2 string and read it back: moduleCount [0x00 .. 0xff] 1`] = `85`;
